C51 COMPILER V9.60.0.0   Q8                                                                11/30/2021 14:19:43 PAGE 1   


C51 COMPILER V9.60.0.0, COMPILATION OF MODULE Q8
OBJECT MODULE PLACED IN .\Objects\Q8.obj
COMPILER INVOKED BY: C:\Keil_v5\C51\BIN\C51.EXE Q8.c OPTIMIZE(8,SPEED) BROWSE DEBUG OBJECTEXTEND PRINT(.\Listings\Q8.lst
                    -) TABS(2) OBJECT(.\Objects\Q8.obj)

line level    source

   1          #include<regx51.h>
   2          
   3          void init_uart(); 
   4          char recivevalue;
   5          
   6          void main( ){
   7   1        init_uart();
   8   1        while(1);
   9   1      }
  10          
  11          void init_uart(void) {
  12   1        SCON=0x50;
  13   1        TMOD=0x20;
  14   1        TH1=0xe6;
  15   1        TR1=1;
  16   1        IE=0x90;
  17   1      }
  18          
  19          void UART_Isr(void) interrupt 4 {
  20   1        while(RI == 0);
  21   1        
  22   1        RI=0;
  23   1        recivevalue=SBUF;
  24   1        P2 = recivevalue;
  25   1        
  26   1        if(recivevalue == 'q') {
  27   2            SBUF=recivevalue;
  28   2            while(TI==0);
  29   2            TI=0;
  30   2        }
  31   1      }


MODULE INFORMATION:   STATIC OVERLAYABLE
   CODE SIZE        =     52    ----
   CONSTANT SIZE    =   ----    ----
   XDATA SIZE       =   ----    ----
   PDATA SIZE       =   ----    ----
   DATA SIZE        =      1    ----
   IDATA SIZE       =   ----    ----
   BIT SIZE         =   ----    ----
END OF MODULE INFORMATION.


C51 COMPILATION COMPLETE.  0 WARNING(S),  0 ERROR(S)
